// Jest Snapshot v1, https://goo.gl/fbAQLP

exports[`renders global styles 1`] = `
<h1>
  Hello
</h1>
`;
